13:19:09 **** Incremental Build of configuration Debug for project 001SizeOf ****
make -j16 all 
arm-none-eabi-gcc "../Src/main.c" -mcpu=cortex-m4 -std=gnu11 -g3 -DDEBUG -DNUCLEO_F411RE -DSTM32 -DSTM32F4 -DSTM32F411RETx -c -I../Inc -O0 -ffunction-sections -fdata-sections -Wall -fstack-usage -MMD -MP -MF"Src/main.d" -MT"Src/main.o" --specs=nano.specs -mfpu=fpv4-sp-d16 -mfloat-abi=hard -mthumb -o "Src/main.o"
../Src/main.c:23:4: warning: #warning "FPU is not initialized, but the project is compiling for an FPU. Please initialize the FPU before use." [-Wcpp]
   23 |   #warning "FPU is not initialized, but the project is compiling for an FPU. Please initialize the FPU before use."
      |    ^~~~~~~
arm-none-eabi-gcc -o "001SizeOf.elf" @"objects.list"   -mcpu=cortex-m4 -T"C:\Users\phucv\Desktop\embedded\Learning-Embedded-Systems\target\001SizeOf\STM32F411RETX_FLASH.ld" --specs=nosys.specs -Wl,-Map="001SizeOf.map" -Wl,--gc-sections -static --specs=nano.specs -mfpu=fpv4-sp-d16 -mfloat-abi=hard -mthumb -Wl,--start-group -lc -lm -Wl,--end-group
Finished building target: 001SizeOf.elf
 
arm-none-eabi-size   001SizeOf.elf 
arm-none-eabi-objdump -h -S  001SizeOf.elf  > "001SizeOf.list"
   text	   data	    bss	    dec	    hex	filename
   5544	    108	   1588	   7240	   1c48	001SizeOf.elf
Finished building: default.size.stdout
 
Finished building: 001SizeOf.list
 

13:19:10 Build Finished. 0 errors, 1 warnings. (took 495ms)

