13:39:50 **** Incremental Build of configuration Debug for project 00Blink ****
make -j16 all 
arm-none-eabi-gcc "../Core/Src/main.c" -mcpu=cortex-m4 -std=gnu11 -g3 -DDEBUG -DUSE_HAL_DRIVER -DSTM32F411xE -c -I../Core/Inc -I../Drivers/STM32F4xx_HAL_Driver/Inc -I../Drivers/STM32F4xx_HAL_Driver/Inc/Legacy -I../Drivers/CMSIS/Device/ST/STM32F4xx/Include -I../Drivers/CMSIS/Include -O0 -ffunction-sections -fdata-sections -Wall -fstack-usage -MMD -MP -MF"Core/Src/main.d" -MT"Core/Src/main.o" --specs=nano.specs -mfpu=fpv4-sp-d16 -mfloat-abi=hard -mthumb -o "Core/Src/main.o"
arm-none-eabi-gcc -o "00Blink.elf" @"objects.list"   -mcpu=cortex-m4 -T"C:\Users\phucv\Desktop\embedded\Learning-Embedded-Systems\target\00Blink\STM32F411RETX_FLASH.ld" --specs=nosys.specs -Wl,-Map="00Blink.map" -Wl,--gc-sections -static --specs=nano.specs -mfpu=fpv4-sp-d16 -mfloat-abi=hard -mthumb -Wl,--start-group -lc -lm -Wl,--end-group
Finished building target: 00Blink.elf
 
arm-none-eabi-size   00Blink.elf 
arm-none-eabi-objdump -h -S  00Blink.elf  > "00Blink.list"
   text	   data	    bss	    dec	    hex	filename
   7844	     20	   1636	   9500	   251c	00Blink.elf
Finished building: default.size.stdout
 
Finished building: 00Blink.list
 

13:39:51 Build Finished. 0 errors, 0 warnings. (took 413ms)

