06:13:05 **** Incremental Build of configuration Debug for project 1_LED_Toggle_Struct ****
make -j16 all 
arm-none-eabi-gcc "../Src/main.c" -mcpu=cortex-m4 -std=gnu11 -g3 -DDEBUG -DNUCLEO_F411RE -DSTM32 -DSTM32F4 -DSTM32F411RETx -c -I../Inc -O0 -ffunction-sections -fdata-sections -Wall -fstack-usage -MMD -MP -MF"Src/main.d" -MT"Src/main.o" --specs=nano.specs -mfpu=fpv4-sp-d16 -mfloat-abi=hard -mthumb -o "Src/main.o"
arm-none-eabi-gcc -o "1_LED_Toggle_Struct.elf" @"objects.list"   -mcpu=cortex-m4 -T"C:\Users\phucv\Desktop\embedded\Learning-Embedded-Systems\target\1_LED_Toggle_Struct\STM32F411RETX_FLASH.ld" --specs=nosys.specs -Wl,-Map="1_LED_Toggle_Struct.map" -Wl,--gc-sections -static --specs=nano.specs -mfpu=fpv4-sp-d16 -mfloat-abi=hard -mthumb -Wl,--start-group -lc -lm -Wl,--end-group
Finished building target: 1_LED_Toggle_Struct.elf
 
arm-none-eabi-size   1_LED_Toggle_Struct.elf 
arm-none-eabi-objdump -h -S  1_LED_Toggle_Struct.elf  > "1_LED_Toggle_Struct.list"
   text	   data	    bss	    dec	    hex	filename
    740	      8	   1568	   2316	    90c	1_LED_Toggle_Struct.elf
Finished building: default.size.stdout
 
Finished building: 1_LED_Toggle_Struct.list
 
06:13:07 **** Incremental Build of configuration Debug for project 1_LED_Toggle_Struct ****
make -j16 all 
arm-none-eabi-size   1_LED_Toggle_Struct.elf 
   text	   data	    bss	    dec	    hex	filename
    740	      8	   1568	   2316	    90c	1_LED_Toggle_Struct.elf
Finished building: default.size.stdout
 
