05:23:07 **** Incremental Build of configuration Debug for project LED_Toggle ****
make -j16 all 
arm-none-eabi-gcc "../Src/main.c" -mcpu=cortex-m4 -std=gnu11 -g3 -DDEBUG -DNUCLEO_F411RE -DSTM32 -DSTM32F4 -DSTM32F411RETx -c -I../Inc -O0 -ffunction-sections -fdata-sections -Wall -fstack-usage -MMD -MP -MF"Src/main.d" -MT"Src/main.o" --specs=nano.specs -mfpu=fpv4-sp-d16 -mfloat-abi=hard -mthumb -o "Src/main.o"
arm-none-eabi-gcc -o "LED_Toggle.elf" @"objects.list"   -mcpu=cortex-m4 -T"C:\Users\phucv\Desktop\embedded\Learning-Embedded-Systems\target\LED_Toggle\STM32F411RETX_FLASH.ld" --specs=nosys.specs -Wl,-Map="LED_Toggle.map" -Wl,--gc-sections -static --specs=nano.specs -mfpu=fpv4-sp-d16 -mfloat-abi=hard -mthumb -Wl,--start-group -lc -lm -Wl,--end-group
Finished building target: LED_Toggle.elf
 
arm-none-eabi-size   LED_Toggle.elf 
arm-none-eabi-objdump -h -S  LED_Toggle.elf  > "LED_Toggle.list"
   text	   data	    bss	    dec	    hex	filename
    720	      8	   1568	   2296	    8f8	LED_Toggle.elf
Finished building: default.size.stdout
 
Finished building: LED_Toggle.list
 

05:23:08 Build Finished. 0 errors, 0 warnings. (took 608ms)

